FAILED with password: "" - Access denied for user 'root'@'localhost' (using password: NO)
FAILED with password: "root" - Access denied for user 'root'@'localhost' (using password: YES)
FAILED with password: "admin" - Access denied for user 'root'@'localhost' (using password: YES)
FAILED with password: "1234" - Access denied for user 'root'@'localhost' (using password: YES)
FAILED with password: "123456" - Access denied for user 'root'@'localhost' (using password: YES)
FAILED with password: "12345678" - Access denied for user 'root'@'localhost' (using password: YES)
FAILED with password: "password" - Access denied for user 'root'@'localhost' (using password: YES)
FAILED with password: "mysql" - Access denied for user 'root'@'localhost' (using password: YES)
